TestBasics
TestMods
virtual uint16_t PrinterKeyMap::lookup(uint8_t)(0, 0) = 11e
virtual void PrinterHID::press(uint8_t)(0xe0)
virtual void PrinterHID::press(uint8_t)(0x1e)
virtual uint16_t PrinterKeyMap::lookup(uint8_t)(0, 0) = 11e
virtual void PrinterHID::release(uint8_t)(0x1e)
virtual void PrinterHID::release(uint8_t)(0xe0)
virtual uint16_t PrinterKeyMap::lookup(uint8_t)(0, 1) = 21f
virtual void PrinterHID::press(uint8_t)(0xe1)
virtual void PrinterHID::press(uint8_t)(0x1f)
virtual uint16_t PrinterKeyMap::lookup(uint8_t)(0, 1) = 21f
virtual void PrinterHID::release(uint8_t)(0x1f)
virtual void PrinterHID::release(uint8_t)(0xe1)
virtual uint16_t PrinterKeyMap::lookup(uint8_t)(0, 2) = 420
virtual void PrinterHID::press(uint8_t)(0xe2)
virtual void PrinterHID::press(uint8_t)(0x20)
virtual uint16_t PrinterKeyMap::lookup(uint8_t)(0, 2) = 420
virtual void PrinterHID::release(uint8_t)(0x20)
virtual void PrinterHID::release(uint8_t)(0xe2)
virtual uint16_t PrinterKeyMap::lookup(uint8_t)(0, 3) = 821
virtual void PrinterHID::press(uint8_t)(0xe3)
virtual void PrinterHID::press(uint8_t)(0x21)
virtual uint16_t PrinterKeyMap::lookup(uint8_t)(0, 3) = 821
virtual void PrinterHID::release(uint8_t)(0x21)
virtual void PrinterHID::release(uint8_t)(0xe3)
virtual uint16_t PrinterKeyMap::lookup(uint8_t)(0, 4) = 1022
virtual void PrinterHID::press(uint8_t)(0xe4)
virtual void PrinterHID::press(uint8_t)(0x22)
virtual uint16_t PrinterKeyMap::lookup(uint8_t)(0, 4) = 1022
virtual void PrinterHID::release(uint8_t)(0x22)
virtual void PrinterHID::release(uint8_t)(0xe4)
virtual uint16_t PrinterKeyMap::lookup(uint8_t)(0, 5) = 2023
virtual void PrinterHID::press(uint8_t)(0xe5)
virtual void PrinterHID::press(uint8_t)(0x23)
virtual uint16_t PrinterKeyMap::lookup(uint8_t)(0, 5) = 2023
virtual void PrinterHID::release(uint8_t)(0x23)
virtual void PrinterHID::release(uint8_t)(0xe5)
virtual uint16_t PrinterKeyMap::lookup(uint8_t)(0, 6) = 4024
virtual void PrinterHID::press(uint8_t)(0xe6)
virtual void PrinterHID::press(uint8_t)(0x24)
virtual uint16_t PrinterKeyMap::lookup(uint8_t)(0, 6) = 4024
virtual void PrinterHID::release(uint8_t)(0x24)
virtual void PrinterHID::release(uint8_t)(0xe6)
virtual uint16_t PrinterKeyMap::lookup(uint8_t)(0, 7) = 7f04
virtual void PrinterHID::press(uint8_t)(0xe0)
virtual void PrinterHID::press(uint8_t)(0xe1)
virtual void PrinterHID::press(uint8_t)(0xe2)
virtual void PrinterHID::press(uint8_t)(0xe3)
virtual void PrinterHID::press(uint8_t)(0xe4)
virtual void PrinterHID::press(uint8_t)(0xe5)
virtual void PrinterHID::press(uint8_t)(0xe6)
virtual void PrinterHID::press(uint8_t)(0x4)
virtual uint16_t PrinterKeyMap::lookup(uint8_t)(0, 7) = 7f04
virtual void PrinterHID::release(uint8_t)(0x4)
virtual void PrinterHID::release(uint8_t)(0xe0)
virtual void PrinterHID::release(uint8_t)(0xe1)
virtual void PrinterHID::release(uint8_t)(0xe2)
virtual void PrinterHID::release(uint8_t)(0xe3)
virtual void PrinterHID::release(uint8_t)(0xe4)
virtual void PrinterHID::release(uint8_t)(0xe5)
virtual void PrinterHID::release(uint8_t)(0xe6)
TestFn
virtual uint16_t PrinterKeyMap::lookup(uint8_t)(0, 0) = c001
virtual uint16_t PrinterKeyMap::lookup(uint8_t)(0, 0) = c001
virtual uint16_t PrinterKeyMap::lookup(uint8_t)(0, 1) = 8000
virtual uint16_t PrinterKeyMap::lookup(uint8_t)(0, 1) = 8000
TestFnHandler
virtual uint16_t PrinterKeyMap::lookup(uint8_t)(0, 0) = c001
virtual bool PrinterFnHandler::press(uint8_t, uint16_t)(0c001) = 1
virtual uint16_t PrinterKeyMap::lookup(uint8_t)(0, 0) = c001
virtual bool PrinterFnHandler::release(uint8_t, uint16_t)(0c001) = 1
virtual uint16_t PrinterKeyMap::lookup(uint8_t)(0, 1) = 8000
virtual bool PrinterFnHandler::press(uint8_t, uint16_t)(18000) = 0
virtual uint16_t PrinterKeyMap::lookup(uint8_t)(0, 1) = 8000
virtual bool PrinterFnHandler::release(uint8_t, uint16_t)(18000) = 0
