TestBasics
TestMods
virtual uint16_t PrinterKeyMap::lookup(uint8_t)(0, 0) = 11e
virtual void PrinterHID::press(uint8_t)(0xe0)
virtual void PrinterHID::press(uint8_t)(0x1e)
virtual uint16_t PrinterKeyMap::lookup(uint8_t)(0, 0) = 11e
virtual void PrinterHID::release(uint8_t)(0x1e)
virtual void PrinterHID::release(uint8_t)(0xe0)
virtual uint16_t PrinterKeyMap::lookup(uint8_t)(0, 1) = 21f
virtual void PrinterHID::press(uint8_t)(0xe1)
virtual void PrinterHID::press(uint8_t)(0x1f)
virtual uint16_t PrinterKeyMap::lookup(uint8_t)(0, 1) = 21f
virtual void PrinterHID::release(uint8_t)(0x1f)
virtual void PrinterHID::release(uint8_t)(0xe1)
virtual uint16_t PrinterKeyMap::lookup(uint8_t)(0, 2) = 420
virtual void PrinterHID::press(uint8_t)(0xe2)
virtual void PrinterHID::press(uint8_t)(0x20)
virtual uint16_t PrinterKeyMap::lookup(uint8_t)(0, 2) = 420
virtual void PrinterHID::release(uint8_t)(0x20)
virtual void PrinterHID::release(uint8_t)(0xe2)
virtual uint16_t PrinterKeyMap::lookup(uint8_t)(0, 3) = 821
virtual void PrinterHID::press(uint8_t)(0xe3)
virtual void PrinterHID::press(uint8_t)(0x21)
virtual uint16_t PrinterKeyMap::lookup(uint8_t)(0, 3) = 821
virtual void PrinterHID::release(uint8_t)(0x21)
virtual void PrinterHID::release(uint8_t)(0xe3)
virtual uint16_t PrinterKeyMap::lookup(uint8_t)(0, 4) = 1022
virtual void PrinterHID::press(uint8_t)(0xe4)
virtual void PrinterHID::press(uint8_t)(0x22)
virtual uint16_t PrinterKeyMap::lookup(uint8_t)(0, 4) = 1022
virtual void PrinterHID::release(uint8_t)(0x22)
virtual void PrinterHID::release(uint8_t)(0xe4)
virtual uint16_t PrinterKeyMap::lookup(uint8_t)(0, 5) = 2023
virtual void PrinterHID::press(uint8_t)(0xe5)
virtual void PrinterHID::press(uint8_t)(0x23)
virtual uint16_t PrinterKeyMap::lookup(uint8_t)(0, 5) = 2023
virtual void PrinterHID::release(uint8_t)(0x23)
virtual void PrinterHID::release(uint8_t)(0xe5)
virtual uint16_t PrinterKeyMap::lookup(uint8_t)(0, 6) = 4024
virtual void PrinterHID::press(uint8_t)(0xe6)
virtual void PrinterHID::press(uint8_t)(0x24)
virtual uint16_t PrinterKeyMap::lookup(uint8_t)(0, 6) = 4024
virtual void PrinterHID::release(uint8_t)(0x24)
virtual void PrinterHID::release(uint8_t)(0xe6)
virtual uint16_t PrinterKeyMap::lookup(uint8_t)(0, 7) = 7f04
virtual void PrinterHID::press(uint8_t)(0xe0)
virtual void PrinterHID::press(uint8_t)(0xe1)
virtual void PrinterHID::press(uint8_t)(0xe2)
virtual void PrinterHID::press(uint8_t)(0xe3)
virtual void PrinterHID::press(uint8_t)(0xe4)
virtual void PrinterHID::press(uint8_t)(0xe5)
virtual void PrinterHID::press(uint8_t)(0xe6)
virtual void PrinterHID::press(uint8_t)(0x4)
virtual uint16_t PrinterKeyMap::lookup(uint8_t)(0, 7) = 7f04
virtual void PrinterHID::release(uint8_t)(0x4)
virtual void PrinterHID::release(uint8_t)(0xe0)
virtual void PrinterHID::release(uint8_t)(0xe1)
virtual void PrinterHID::release(uint8_t)(0xe2)
virtual void PrinterHID::release(uint8_t)(0xe3)
virtual void PrinterHID::release(uint8_t)(0xe4)
virtual void PrinterHID::release(uint8_t)(0xe5)
virtual void PrinterHID::release(uint8_t)(0xe6)
TestFn
virtual uint16_t PrinterKeyMap::lookup(uint8_t)(0, 0) = c001
virtual uint16_t PrinterKeyMap::lookup(uint8_t)(0, 0) = c001
virtual uint16_t PrinterKeyMap::lookup(uint8_t)(0, 1) = 8000
virtual uint16_t PrinterKeyMap::lookup(uint8_t)(0, 1) = 8000
TestFnHandler
virtual uint16_t PrinterKeyMap::lookup(uint8_t)(0, 0) = c001
virtual void PrinterFnHandler::press(uint8_t)(0c001) = 1
virtual uint16_t PrinterKeyMap::lookup(uint8_t)(0, 0) = c001
virtual void PrinterFnHandler::release(uint8_t)(0c001) = 1
virtual uint16_t PrinterKeyMap::lookup(uint8_t)(0, 1) = 8000
virtual void PrinterFnHandler::press(uint8_t)(18000) = 0
virtual uint16_t PrinterKeyMap::lookup(uint8_t)(0, 1) = 8000
virtual void PrinterFnHandler::release(uint8_t)(18000) = 0
TestLayers
virtual uint16_t LayerPrinterKeyMap::lookup(uint8_t)(1, 0) = 1e
virtual void PrinterHID::press(uint8_t)(0x1e)
virtual uint16_t LayerPrinterKeyMap::lookup(uint8_t)(1, 0) = 1e
virtual void PrinterHID::release(uint8_t)(0x1e)
virtual uint16_t LayerPrinterKeyMap::lookup(uint8_t)(1, 1) = 1e
virtual void PrinterHID::press(uint8_t)(0x1e)
virtual uint16_t LayerPrinterKeyMap::lookup(uint8_t)(1, 1) = 1e
virtual void PrinterHID::release(uint8_t)(0x1e)
virtual uint16_t LayerPrinterKeyMap::lookup(uint8_t)(1, 2) = 1e
virtual void PrinterHID::press(uint8_t)(0x1e)
virtual uint16_t LayerPrinterKeyMap::lookup(uint8_t)(1, 2) = 1e
virtual void PrinterHID::release(uint8_t)(0x1e)
virtual uint16_t LayerPrinterKeyMap::lookup(uint8_t)(1, 3) = 1e
virtual void PrinterHID::press(uint8_t)(0x1e)
virtual uint16_t LayerPrinterKeyMap::lookup(uint8_t)(1, 3) = 1e
virtual void PrinterHID::release(uint8_t)(0x1e)
virtual uint16_t LayerPrinterKeyMap::lookup(uint8_t)(1, 4) = 1e
virtual void PrinterHID::press(uint8_t)(0x1e)
virtual uint16_t LayerPrinterKeyMap::lookup(uint8_t)(1, 4) = 1e
virtual void PrinterHID::release(uint8_t)(0x1e)
virtual uint16_t LayerPrinterKeyMap::lookup(uint8_t)(1, 5) = 1e
virtual void PrinterHID::press(uint8_t)(0x1e)
virtual uint16_t LayerPrinterKeyMap::lookup(uint8_t)(1, 5) = 1e
virtual void PrinterHID::release(uint8_t)(0x1e)
virtual uint16_t LayerPrinterKeyMap::lookup(uint8_t)(1, 6) = 1e
virtual void PrinterHID::press(uint8_t)(0x1e)
virtual uint16_t LayerPrinterKeyMap::lookup(uint8_t)(1, 6) = 1e
virtual void PrinterHID::release(uint8_t)(0x1e)
virtual uint16_t LayerPrinterKeyMap::lookup(uint8_t)(1, 7) = 1e
virtual void PrinterHID::press(uint8_t)(0x1e)
virtual uint16_t LayerPrinterKeyMap::lookup(uint8_t)(1, 7) = 1e
virtual void PrinterHID::release(uint8_t)(0x1e)
virtual uint16_t LayerPrinterKeyMap::lookup(uint8_t)(1, 8) = 1e
virtual void PrinterHID::press(uint8_t)(0x1e)
virtual uint16_t LayerPrinterKeyMap::lookup(uint8_t)(1, 8) = 1e
virtual void PrinterHID::release(uint8_t)(0x1e)
virtual uint16_t LayerPrinterKeyMap::lookup(uint8_t)(1, 9) = 1e
virtual void PrinterHID::press(uint8_t)(0x1e)
virtual uint16_t LayerPrinterKeyMap::lookup(uint8_t)(1, 9) = 1e
virtual void PrinterHID::release(uint8_t)(0x1e)
virtual uint16_t LayerPrinterKeyMap::lookup(uint8_t)(1, a) = 1e
virtual void PrinterHID::press(uint8_t)(0x1e)
virtual uint16_t LayerPrinterKeyMap::lookup(uint8_t)(1, a) = 1e
virtual void PrinterHID::release(uint8_t)(0x1e)
virtual uint16_t LayerPrinterKeyMap::lookup(uint8_t)(1, b) = 1e
virtual void PrinterHID::press(uint8_t)(0x1e)
virtual uint16_t LayerPrinterKeyMap::lookup(uint8_t)(1, b) = 1e
virtual void PrinterHID::release(uint8_t)(0x1e)
virtual uint16_t LayerPrinterKeyMap::lookup(uint8_t)(1, c) = 1e
virtual void PrinterHID::press(uint8_t)(0x1e)
virtual uint16_t LayerPrinterKeyMap::lookup(uint8_t)(1, c) = 1e
virtual void PrinterHID::release(uint8_t)(0x1e)
virtual uint16_t LayerPrinterKeyMap::lookup(uint8_t)(1, d) = 1e
virtual void PrinterHID::press(uint8_t)(0x1e)
virtual uint16_t LayerPrinterKeyMap::lookup(uint8_t)(1, d) = 1e
virtual void PrinterHID::release(uint8_t)(0x1e)
virtual uint16_t LayerPrinterKeyMap::lookup(uint8_t)(1, e) = 1e
virtual void PrinterHID::press(uint8_t)(0x1e)
virtual uint16_t LayerPrinterKeyMap::lookup(uint8_t)(1, e) = 1e
virtual void PrinterHID::release(uint8_t)(0x1e)
virtual uint16_t LayerPrinterKeyMap::lookup(uint8_t)(1, f) = 1e
virtual void PrinterHID::press(uint8_t)(0x1e)
virtual uint16_t LayerPrinterKeyMap::lookup(uint8_t)(1, f) = 1e
virtual void PrinterHID::release(uint8_t)(0x1e)
virtual uint16_t LayerPrinterKeyMap::lookup(uint8_t)(1, 10) = 1e
virtual void PrinterHID::press(uint8_t)(0x1e)
virtual uint16_t LayerPrinterKeyMap::lookup(uint8_t)(1, 10) = 1e
virtual void PrinterHID::release(uint8_t)(0x1e)
virtual uint16_t LayerPrinterKeyMap::lookup(uint8_t)(1, 11) = 1e
virtual void PrinterHID::press(uint8_t)(0x1e)
virtual uint16_t LayerPrinterKeyMap::lookup(uint8_t)(1, 11) = 1e
virtual void PrinterHID::release(uint8_t)(0x1e)
virtual uint16_t LayerPrinterKeyMap::lookup(uint8_t)(1, 12) = 1e
virtual void PrinterHID::press(uint8_t)(0x1e)
virtual uint16_t LayerPrinterKeyMap::lookup(uint8_t)(1, 12) = 1e
virtual void PrinterHID::release(uint8_t)(0x1e)
virtual uint16_t LayerPrinterKeyMap::lookup(uint8_t)(1, 13) = 1e
virtual void PrinterHID::press(uint8_t)(0x1e)
virtual uint16_t LayerPrinterKeyMap::lookup(uint8_t)(1, 13) = 1e
virtual void PrinterHID::release(uint8_t)(0x1e)
virtual uint16_t LayerPrinterKeyMap::lookup(uint8_t)(1, 14) = 1e
virtual void PrinterHID::press(uint8_t)(0x1e)
virtual uint16_t LayerPrinterKeyMap::lookup(uint8_t)(1, 14) = 1e
virtual void PrinterHID::release(uint8_t)(0x1e)
virtual uint16_t LayerPrinterKeyMap::lookup(uint8_t)(1, 15) = 1e
virtual void PrinterHID::press(uint8_t)(0x1e)
virtual uint16_t LayerPrinterKeyMap::lookup(uint8_t)(1, 15) = 1e
virtual void PrinterHID::release(uint8_t)(0x1e)
virtual uint16_t LayerPrinterKeyMap::lookup(uint8_t)(1, 16) = 1e
virtual void PrinterHID::press(uint8_t)(0x1e)
virtual uint16_t LayerPrinterKeyMap::lookup(uint8_t)(1, 16) = 1e
virtual void PrinterHID::release(uint8_t)(0x1e)
virtual uint16_t LayerPrinterKeyMap::lookup(uint8_t)(1, 17) = 1e
virtual void PrinterHID::press(uint8_t)(0x1e)
virtual uint16_t LayerPrinterKeyMap::lookup(uint8_t)(1, 17) = 1e
virtual void PrinterHID::release(uint8_t)(0x1e)
virtual uint16_t LayerPrinterKeyMap::lookup(uint8_t)(1, 18) = 1e
virtual void PrinterHID::press(uint8_t)(0x1e)
virtual uint16_t LayerPrinterKeyMap::lookup(uint8_t)(1, 18) = 1e
virtual void PrinterHID::release(uint8_t)(0x1e)
virtual uint16_t LayerPrinterKeyMap::lookup(uint8_t)(1, 19) = 1e
virtual void PrinterHID::press(uint8_t)(0x1e)
virtual uint16_t LayerPrinterKeyMap::lookup(uint8_t)(1, 19) = 1e
virtual void PrinterHID::release(uint8_t)(0x1e)
virtual uint16_t LayerPrinterKeyMap::lookup(uint8_t)(1, 1a) = 1e
virtual void PrinterHID::press(uint8_t)(0x1e)
virtual uint16_t LayerPrinterKeyMap::lookup(uint8_t)(1, 1a) = 1e
virtual void PrinterHID::release(uint8_t)(0x1e)
virtual uint16_t LayerPrinterKeyMap::lookup(uint8_t)(1, 1b) = 1e
virtual void PrinterHID::press(uint8_t)(0x1e)
virtual uint16_t LayerPrinterKeyMap::lookup(uint8_t)(1, 1b) = 1e
virtual void PrinterHID::release(uint8_t)(0x1e)
virtual uint16_t LayerPrinterKeyMap::lookup(uint8_t)(1, 1c) = 1e
virtual void PrinterHID::press(uint8_t)(0x1e)
virtual uint16_t LayerPrinterKeyMap::lookup(uint8_t)(1, 1c) = 1e
virtual void PrinterHID::release(uint8_t)(0x1e)
virtual uint16_t LayerPrinterKeyMap::lookup(uint8_t)(1, 1d) = 1e
virtual void PrinterHID::press(uint8_t)(0x1e)
virtual uint16_t LayerPrinterKeyMap::lookup(uint8_t)(1, 1d) = 1e
virtual void PrinterHID::release(uint8_t)(0x1e)
virtual uint16_t LayerPrinterKeyMap::lookup(uint8_t)(1, 1e) = 1e
virtual void PrinterHID::press(uint8_t)(0x1e)
virtual uint16_t LayerPrinterKeyMap::lookup(uint8_t)(1, 1e) = 1e
virtual void PrinterHID::release(uint8_t)(0x1e)
virtual uint16_t LayerPrinterKeyMap::lookup(uint8_t)(1, 1f) = 1e
virtual void PrinterHID::press(uint8_t)(0x1e)
virtual uint16_t LayerPrinterKeyMap::lookup(uint8_t)(1, 1f) = 1e
virtual void PrinterHID::release(uint8_t)(0x1e)
virtual uint16_t LayerPrinterKeyMap::lookup(uint8_t)(1, 20) = 1e
virtual void PrinterHID::press(uint8_t)(0x1e)
virtual uint16_t LayerPrinterKeyMap::lookup(uint8_t)(1, 20) = 1e
virtual void PrinterHID::release(uint8_t)(0x1e)
virtual uint16_t LayerPrinterKeyMap::lookup(uint8_t)(1, 21) = 1e
virtual void PrinterHID::press(uint8_t)(0x1e)
virtual uint16_t LayerPrinterKeyMap::lookup(uint8_t)(1, 21) = 1e
virtual void PrinterHID::release(uint8_t)(0x1e)
virtual uint16_t LayerPrinterKeyMap::lookup(uint8_t)(1, 22) = 1e
virtual void PrinterHID::press(uint8_t)(0x1e)
virtual uint16_t LayerPrinterKeyMap::lookup(uint8_t)(1, 22) = 1e
virtual void PrinterHID::release(uint8_t)(0x1e)
virtual uint16_t LayerPrinterKeyMap::lookup(uint8_t)(1, 23) = 1e
virtual void PrinterHID::press(uint8_t)(0x1e)
virtual uint16_t LayerPrinterKeyMap::lookup(uint8_t)(1, 23) = 1e
virtual void PrinterHID::release(uint8_t)(0x1e)
virtual uint16_t LayerPrinterKeyMap::lookup(uint8_t)(1, 24) = 1e
virtual void PrinterHID::press(uint8_t)(0x1e)
virtual uint16_t LayerPrinterKeyMap::lookup(uint8_t)(1, 24) = 1e
virtual void PrinterHID::release(uint8_t)(0x1e)
virtual uint16_t LayerPrinterKeyMap::lookup(uint8_t)(1, 25) = 1e
virtual void PrinterHID::press(uint8_t)(0x1e)
virtual uint16_t LayerPrinterKeyMap::lookup(uint8_t)(1, 25) = 1e
virtual void PrinterHID::release(uint8_t)(0x1e)
virtual uint16_t LayerPrinterKeyMap::lookup(uint8_t)(1, 26) = 1e
virtual void PrinterHID::press(uint8_t)(0x1e)
virtual uint16_t LayerPrinterKeyMap::lookup(uint8_t)(1, 26) = 1e
virtual void PrinterHID::release(uint8_t)(0x1e)
virtual uint16_t LayerPrinterKeyMap::lookup(uint8_t)(1, 27) = 1e
virtual void PrinterHID::press(uint8_t)(0x1e)
virtual uint16_t LayerPrinterKeyMap::lookup(uint8_t)(1, 27) = 1e
virtual void PrinterHID::release(uint8_t)(0x1e)
virtual uint16_t LayerPrinterKeyMap::lookup(uint8_t)(1, 28) = 1e
virtual void PrinterHID::press(uint8_t)(0x1e)
virtual uint16_t LayerPrinterKeyMap::lookup(uint8_t)(1, 28) = 1e
virtual void PrinterHID::release(uint8_t)(0x1e)
virtual uint16_t LayerPrinterKeyMap::lookup(uint8_t)(1, 29) = 1e
virtual void PrinterHID::press(uint8_t)(0x1e)
virtual uint16_t LayerPrinterKeyMap::lookup(uint8_t)(1, 29) = 1e
virtual void PrinterHID::release(uint8_t)(0x1e)
virtual uint16_t LayerPrinterKeyMap::lookup(uint8_t)(1, 2a) = 1e
virtual void PrinterHID::press(uint8_t)(0x1e)
virtual uint16_t LayerPrinterKeyMap::lookup(uint8_t)(1, 2a) = 1e
virtual void PrinterHID::release(uint8_t)(0x1e)
virtual uint16_t LayerPrinterKeyMap::lookup(uint8_t)(1, 2b) = 1e
virtual void PrinterHID::press(uint8_t)(0x1e)
virtual uint16_t LayerPrinterKeyMap::lookup(uint8_t)(1, 2b) = 1e
virtual void PrinterHID::release(uint8_t)(0x1e)
virtual uint16_t LayerPrinterKeyMap::lookup(uint8_t)(1, 2c) = 1e
virtual void PrinterHID::press(uint8_t)(0x1e)
virtual uint16_t LayerPrinterKeyMap::lookup(uint8_t)(1, 2c) = 1e
virtual void PrinterHID::release(uint8_t)(0x1e)
virtual uint16_t LayerPrinterKeyMap::lookup(uint8_t)(1, 2d) = 1e
virtual void PrinterHID::press(uint8_t)(0x1e)
virtual uint16_t LayerPrinterKeyMap::lookup(uint8_t)(1, 2d) = 1e
virtual void PrinterHID::release(uint8_t)(0x1e)
virtual uint16_t LayerPrinterKeyMap::lookup(uint8_t)(1, 2e) = 1e
virtual void PrinterHID::press(uint8_t)(0x1e)
virtual uint16_t LayerPrinterKeyMap::lookup(uint8_t)(1, 2e) = 1e
virtual void PrinterHID::release(uint8_t)(0x1e)
virtual uint16_t LayerPrinterKeyMap::lookup(uint8_t)(1, 2f) = 1e
virtual void PrinterHID::press(uint8_t)(0x1e)
virtual uint16_t LayerPrinterKeyMap::lookup(uint8_t)(1, 2f) = 1e
virtual void PrinterHID::release(uint8_t)(0x1e)
virtual uint16_t LayerPrinterKeyMap::lookup(uint8_t)(1, 30) = 1e
virtual void PrinterHID::press(uint8_t)(0x1e)
virtual uint16_t LayerPrinterKeyMap::lookup(uint8_t)(1, 30) = 1e
virtual void PrinterHID::release(uint8_t)(0x1e)
virtual uint16_t LayerPrinterKeyMap::lookup(uint8_t)(1, 31) = 1e
virtual void PrinterHID::press(uint8_t)(0x1e)
virtual uint16_t LayerPrinterKeyMap::lookup(uint8_t)(1, 31) = 1e
virtual void PrinterHID::release(uint8_t)(0x1e)
virtual uint16_t LayerPrinterKeyMap::lookup(uint8_t)(1, 32) = 1e
virtual void PrinterHID::press(uint8_t)(0x1e)
virtual uint16_t LayerPrinterKeyMap::lookup(uint8_t)(1, 32) = 1e
virtual void PrinterHID::release(uint8_t)(0x1e)
virtual uint16_t LayerPrinterKeyMap::lookup(uint8_t)(1, 33) = 1e
virtual void PrinterHID::press(uint8_t)(0x1e)
virtual uint16_t LayerPrinterKeyMap::lookup(uint8_t)(1, 33) = 1e
virtual void PrinterHID::release(uint8_t)(0x1e)
virtual uint16_t LayerPrinterKeyMap::lookup(uint8_t)(1, 34) = 1e
virtual void PrinterHID::press(uint8_t)(0x1e)
virtual uint16_t LayerPrinterKeyMap::lookup(uint8_t)(1, 34) = 1e
virtual void PrinterHID::release(uint8_t)(0x1e)
virtual uint16_t LayerPrinterKeyMap::lookup(uint8_t)(1, 35) = 1e
virtual void PrinterHID::press(uint8_t)(0x1e)
virtual uint16_t LayerPrinterKeyMap::lookup(uint8_t)(1, 35) = 1e
virtual void PrinterHID::release(uint8_t)(0x1e)
virtual uint16_t LayerPrinterKeyMap::lookup(uint8_t)(1, 36) = 1e
virtual void PrinterHID::press(uint8_t)(0x1e)
virtual uint16_t LayerPrinterKeyMap::lookup(uint8_t)(1, 36) = 1e
virtual void PrinterHID::release(uint8_t)(0x1e)
virtual uint16_t LayerPrinterKeyMap::lookup(uint8_t)(1, 37) = 1e
virtual void PrinterHID::press(uint8_t)(0x1e)
virtual uint16_t LayerPrinterKeyMap::lookup(uint8_t)(1, 37) = 1e
virtual void PrinterHID::release(uint8_t)(0x1e)
virtual uint16_t LayerPrinterKeyMap::lookup(uint8_t)(1, 38) = 1e
virtual void PrinterHID::press(uint8_t)(0x1e)
virtual uint16_t LayerPrinterKeyMap::lookup(uint8_t)(1, 38) = 1e
virtual void PrinterHID::release(uint8_t)(0x1e)
virtual uint16_t LayerPrinterKeyMap::lookup(uint8_t)(1, 39) = 1e
virtual void PrinterHID::press(uint8_t)(0x1e)
virtual uint16_t LayerPrinterKeyMap::lookup(uint8_t)(1, 39) = 1e
virtual void PrinterHID::release(uint8_t)(0x1e)
virtual uint16_t LayerPrinterKeyMap::lookup(uint8_t)(1, 3a) = 1e
virtual void PrinterHID::press(uint8_t)(0x1e)
virtual uint16_t LayerPrinterKeyMap::lookup(uint8_t)(1, 3a) = 1e
virtual void PrinterHID::release(uint8_t)(0x1e)
virtual uint16_t LayerPrinterKeyMap::lookup(uint8_t)(1, 3b) = 1e
virtual void PrinterHID::press(uint8_t)(0x1e)
virtual uint16_t LayerPrinterKeyMap::lookup(uint8_t)(1, 3b) = 1e
virtual void PrinterHID::release(uint8_t)(0x1e)
virtual uint16_t LayerPrinterKeyMap::lookup(uint8_t)(1, 3c) = 1e
virtual void PrinterHID::press(uint8_t)(0x1e)
virtual uint16_t LayerPrinterKeyMap::lookup(uint8_t)(1, 3c) = 1e
virtual void PrinterHID::release(uint8_t)(0x1e)
virtual uint16_t LayerPrinterKeyMap::lookup(uint8_t)(1, 3d) = 1e
virtual void PrinterHID::press(uint8_t)(0x1e)
virtual uint16_t LayerPrinterKeyMap::lookup(uint8_t)(1, 3d) = 1e
virtual void PrinterHID::release(uint8_t)(0x1e)
virtual uint16_t LayerPrinterKeyMap::lookup(uint8_t)(1, 3e) = 1e
virtual void PrinterHID::press(uint8_t)(0x1e)
virtual uint16_t LayerPrinterKeyMap::lookup(uint8_t)(1, 3e) = 1e
virtual void PrinterHID::release(uint8_t)(0x1e)
virtual uint16_t LayerPrinterKeyMap::lookup(uint8_t)(1, 3f) = 1e
virtual void PrinterHID::press(uint8_t)(0x1e)
virtual uint16_t LayerPrinterKeyMap::lookup(uint8_t)(1, 3f) = 1e
virtual void PrinterHID::release(uint8_t)(0x1e)
TestLayerKeys
virtual uint16_t LayerPrinterKeyMap::lookup(uint8_t)(0, 0) = 27
virtual uint16_t LayerPrinterKeyMap::lookup(uint8_t)(0, 0) = 27
virtual void PrinterHID::press(uint8_t)(0x27)
virtual uint16_t LayerPrinterKeyMap::lookup(uint8_t)(0, 0) = 27
virtual uint16_t LayerPrinterKeyMap::lookup(uint8_t)(0, 0) = 27
virtual void PrinterHID::release(uint8_t)(0x27)
virtual uint16_t LayerPrinterKeyMap::lookup(uint8_t)(0, 1) = a001
virtual uint16_t LayerPrinterKeyMap::lookup(uint8_t)(1, 2) = 27
virtual uint16_t LayerPrinterKeyMap::lookup(uint8_t)(1, 2) = 27
virtual void PrinterHID::press(uint8_t)(0x27)
virtual uint16_t LayerPrinterKeyMap::lookup(uint8_t)(1, 2) = 27
virtual uint16_t LayerPrinterKeyMap::lookup(uint8_t)(1, 2) = 27
virtual void PrinterHID::release(uint8_t)(0x27)
virtual uint16_t LayerPrinterKeyMap::lookup(uint8_t)(1, 3) = 1e
virtual uint16_t LayerPrinterKeyMap::lookup(uint8_t)(1, 3) = 1e
virtual void PrinterHID::press(uint8_t)(0x1e)
virtual uint16_t LayerPrinterKeyMap::lookup(uint8_t)(1, 3) = 1e
virtual uint16_t LayerPrinterKeyMap::lookup(uint8_t)(1, 3) = 1e
virtual void PrinterHID::release(uint8_t)(0x1e)
virtual uint16_t LayerPrinterKeyMap::lookup(uint8_t)(1, 4) = 27
virtual uint16_t LayerPrinterKeyMap::lookup(uint8_t)(1, 4) = 27
virtual void PrinterHID::press(uint8_t)(0x27)
virtual uint16_t LayerPrinterKeyMap::lookup(uint8_t)(1, 4) = 27
virtual uint16_t LayerPrinterKeyMap::lookup(uint8_t)(1, 4) = 27
virtual void PrinterHID::release(uint8_t)(0x27)
virtual uint16_t LayerPrinterKeyMap::lookup(uint8_t)(1, 5) = 1e
virtual uint16_t LayerPrinterKeyMap::lookup(uint8_t)(1, 5) = 1e
virtual void PrinterHID::press(uint8_t)(0x1e)
virtual uint16_t LayerPrinterKeyMap::lookup(uint8_t)(1, 5) = 1e
virtual uint16_t LayerPrinterKeyMap::lookup(uint8_t)(1, 5) = 1e
virtual void PrinterHID::release(uint8_t)(0x1e)
virtual uint16_t LayerPrinterKeyMap::lookup(uint8_t)(1, 1) = a000
virtual uint16_t LayerPrinterKeyMap::lookup(uint8_t)(0, 2) = 1e
virtual uint16_t LayerPrinterKeyMap::lookup(uint8_t)(0, 2) = 1e
virtual void PrinterHID::press(uint8_t)(0x1e)
virtual uint16_t LayerPrinterKeyMap::lookup(uint8_t)(0, 2) = 1e
virtual uint16_t LayerPrinterKeyMap::lookup(uint8_t)(0, 2) = 1e
virtual void PrinterHID::release(uint8_t)(0x1e)
virtual uint16_t LayerPrinterKeyMap::lookup(uint8_t)(0, 3) = 27
virtual uint16_t LayerPrinterKeyMap::lookup(uint8_t)(0, 3) = 27
virtual void PrinterHID::press(uint8_t)(0x27)
virtual uint16_t LayerPrinterKeyMap::lookup(uint8_t)(0, 3) = 27
virtual uint16_t LayerPrinterKeyMap::lookup(uint8_t)(0, 3) = 27
virtual void PrinterHID::release(uint8_t)(0x27)
virtual uint16_t LayerPrinterKeyMap::lookup(uint8_t)(0, 4) = 1e
virtual uint16_t LayerPrinterKeyMap::lookup(uint8_t)(0, 4) = 1e
virtual void PrinterHID::press(uint8_t)(0x1e)
virtual uint16_t LayerPrinterKeyMap::lookup(uint8_t)(0, 4) = 1e
virtual uint16_t LayerPrinterKeyMap::lookup(uint8_t)(0, 4) = 1e
virtual void PrinterHID::release(uint8_t)(0x1e)
virtual uint16_t LayerPrinterKeyMap::lookup(uint8_t)(0, 5) = 27
virtual uint16_t LayerPrinterKeyMap::lookup(uint8_t)(0, 5) = 27
virtual void PrinterHID::press(uint8_t)(0x27)
virtual uint16_t LayerPrinterKeyMap::lookup(uint8_t)(0, 5) = 27
virtual uint16_t LayerPrinterKeyMap::lookup(uint8_t)(0, 5) = 27
virtual void PrinterHID::release(uint8_t)(0x27)
Tapping the momentary switcher...
virtual uint16_t LayerPrinterKeyMap::lookup(uint8_t)(0, 1) = a001
virtual uint16_t LayerPrinterKeyMap::lookup(uint8_t)(1, 1) = a000
Tapping the 0th key
virtual uint16_t LayerPrinterKeyMap::lookup(uint8_t)(0, 0) = 27
virtual uint16_t LayerPrinterKeyMap::lookup(uint8_t)(0, 0) = 27
virtual void PrinterHID::press(uint8_t)(0x27)
virtual uint16_t LayerPrinterKeyMap::lookup(uint8_t)(0, 0) = 27
virtual uint16_t LayerPrinterKeyMap::lookup(uint8_t)(0, 0) = 27
virtual void PrinterHID::release(uint8_t)(0x27)
Tapping the toggler
virtual uint16_t LayerPrinterKeyMap::lookup(uint8_t)(0, 1f) = a011
virtual uint16_t LayerPrinterKeyMap::lookup(uint8_t)(1, 1f) = 1e
Tapping the 0th key
virtual uint16_t LayerPrinterKeyMap::lookup(uint8_t)(1, 0) = 1e
virtual uint16_t LayerPrinterKeyMap::lookup(uint8_t)(1, 0) = 1e
virtual void PrinterHID::press(uint8_t)(0x1e)
virtual uint16_t LayerPrinterKeyMap::lookup(uint8_t)(1, 0) = 1e
virtual uint16_t LayerPrinterKeyMap::lookup(uint8_t)(1, 0) = 1e
virtual void PrinterHID::release(uint8_t)(0x1e)
Tapping the previous toggler...
virtual uint16_t LayerPrinterKeyMap::lookup(uint8_t)(1, 1f) = 1e
virtual uint16_t LayerPrinterKeyMap::lookup(uint8_t)(1, 1f) = 1e
virtual void PrinterHID::press(uint8_t)(0x1e)
virtual uint16_t LayerPrinterKeyMap::lookup(uint8_t)(1, 1f) = 1e
virtual uint16_t LayerPrinterKeyMap::lookup(uint8_t)(1, 1f) = 1e
virtual void PrinterHID::release(uint8_t)(0x1e)
